{
  "Request": "Do I have any plan with Rosy this month?",
  "Result": {
    "EventActions": [
      {
        "Action": "FindEventsAction",
        "Day": "2023-07-01T00:00:00+02:00",
        "TimeRange": {
          "StartTime": "2023-07-01T00:00:00+02:00",
          "EndTime": null
        },
        "Description": "Find events with Rosy",
        "Location": null,
        "Participants": [
          "Rosy"
        ]
      }
    ]
  }
}
