{
  "Request": "I need to add a meeting with my boss on Monday at 10am. Also make sure to schedule and appointment with Sally, May, and Boris tomorrow at 3pm. Now just add to it Jesse and Abby and make it last ninety minutes",
  "Result": {
    "EventActions": [
      {
        "Action": "AddEventAction",
        "Day": "2023-07-24T08:00:00+02:00",
        "TimeRange": {
          "StartTime": "2023-07-24T10:00:00+02:00",
          "EndTime": null
        },
        "Description": "Meeting with my boss",
        "Location": null,
        "Participants": [
          "My Boss"
        ]
      },
      {
        "Action": "AddEventAction",
        "Day": "2023-07-21T08:00:00+02:00",
        "TimeRange": {
          "StartTime": "2023-07-21T15:00:00+02:00",
          "EndTime": "2023-07-21T16:30:00+02:00"
        },
        "Description": "Appointment",
        "Location": null,
        "Participants": [
          "Sally",
          "May",
          "Boris"
        ]
      },
      {
        "Action": "AddParticipantsAction",
        "Day": "2023-07-21T08:00:00+02:00",
        "TimeRange": {
          "StartTime": "2023-07-21T15:00:00+02:00",
          "EndTime": "2023-07-21T16:30:00+02:00"
        },
        "Description": "Add participants",
        "Location": null,
        "Participants": [
          "Jesse",
          "Abby"
        ]
      }
    ]
  }
}
