{
  "Request": "I need to get my tires changed from 12:00 to 2:00 pm on Friday March 15, 2024",
  "Result": {
    "EventActions": [
      {
        "Action": "AddEventAction",
        "Day": "2024-03-15T00:00:00+02:00",
        "TimeRange": {
          "StartTime": "2024-03-15T12:00:00+02:00",
          "EndTime": "2024-03-15T14:00:00+02:00"
        },
        "Description": "Tire change",
        "Location": null,
        "Participants": []
      }
    ]
  }
}
