{
  "Request": "Bereite eine Veranstaltung für Freitag vor: Jeffs Pizza-Party um 18 Uhr",
  "Result": {
    "EventActions": [
      {
        "Action": "AddEventAction",
        "Day": "2023-07-21T00:00:00+02:00",
        "TimeRange": {
          "StartTime": "2023-07-21T18:00:00+02:00",
          "EndTime": null
        },
        "Description": "Jeffs Pizza-Party",
        "Location": null,
        "Participants": []
      }
    ]
  }
}
