{
  "Request": "Habe ich diesen Monat noch etwas mit Rosy vor?",
  "Result": {
    "EventActions": [
      {
        "Action": "FindEventsAction",
        "Day": "2023-07-20T08:00:00+02:00",
        "TimeRange": {
          "StartTime": "2023-07-01T00:00:00+02:00",
          "EndTime": "2023-07-31T23:59:59+02:00"
        },
        "Description": "",
        "Location": null,
        "Participants": [
          "Rosy"
        ]
      }
    ]
  }
}
