{
  "Request": "Ich hätte gerne zwei große, eine mit Peperoni und die andere mit extra Sauce.Die Peperoni bekommt Basilikum und die Extrasauce kanadischen Speck.Und dazu einen ganzen Salat.Die mit kanadischen Speck soll medium sein.Der Salat soll griechisch sein, ohne rote Zwiebeln.Und gib mir zwei Weizen und ein Sierra Nevada.Oh, und noch einen Salat ohne rote Zwiebeln.",
  "Result": {
    "Orders": [
      {
        "Action": "NewOrderAction",
        "OrderItemType": "Pizza",
        "Quantity": 1,
        "Size": "Large",
        "Name": "Peperoni Pizza",
        "RemovedIngredients": [],
        "AddedIngredients": [
          "Basilikum"
        ]
      },
      {
        "Action": "NewOrderAction",
        "OrderItemType": "Pizza",
        "Quantity": 1,
        "Size": "Medium",
        "Name": "Extra Sauce Pizza",
        "RemovedIngredients": [],
        "AddedIngredients": [
          "Kanadischer Speck"
        ]
      },
      {
        "Action": "NewOrderAction",
        "OrderItemType": "Salad",
        "Quantity": 1,
        "Size": "Small",
        "Name": "Ganzer Salat",
        "RemovedIngredients": [
          "Rote Zwiebeln"
        ],
        "AddedIngredients": []
      },
      {
        "Action": "NewOrderAction",
        "OrderItemType": "Beer",
        "Quantity": 2,
        "Size": "Small",
        "Name": "Weizen",
        "RemovedIngredients": [],
        "AddedIngredients": []
      },
      {
        "Action": "NewOrderAction",
        "OrderItemType": "Beer",
        "Quantity": 1,
        "Size": "Small",
        "Name": "Sierra Nevada",
        "RemovedIngredients": [],
        "AddedIngredients": []
      },
      {
        "Action": "NewOrderAction",
        "OrderItemType": "Salad",
        "Quantity": 1,
        "Size": "Small",
        "Name": "Salat",
        "RemovedIngredients": [
          "Rote Zwiebeln"
        ],
        "AddedIngredients": []
      }
    ]
  }
}
