{
  "Request": "I'll take a yeti, a pale ale and a large with olives and take the extra cheese off the yeti and add a Greek",
  "Result": {
    "Orders": [
      {
        "Action": "NewOrderAction",
        "OrderItemType": "NamedPizza",
        "Quantity": 1,
        "Size": "Small",
        "Name": "Yeti",
        "RemovedIngredients": [
          "Extra Cheese"
        ],
        "AddedIngredients": []
      },
      {
        "Action": "NewOrderAction",
        "OrderItemType": "Beer",
        "Quantity": 1,
        "Size": "Small",
        "Name": "Pale Ale",
        "RemovedIngredients": [],
        "AddedIngredients": []
      },
      {
        "Action": "NewOrderAction",
        "OrderItemType": "Pizza",
        "Quantity": 1,
        "Size": "Large",
        "Name": "Large Pizza",
        "RemovedIngredients": [],
        "AddedIngredients": [
          "Olives"
        ]
      },
      {
        "Action": "NewOrderAction",
        "OrderItemType": "Salad",
        "Quantity": 1,
        "Size": "Small",
        "Name": "Greek Salad",
        "RemovedIngredients": [],
        "AddedIngredients": []
      }
    ]
  }
}
