{
  "Request": "Ich nehme zwei Peperoni, die erste mit extra Soße und die zweite mit Basilikum.  Die erste mit Ananas und die zweite mit Oliven.",
  "Result": {
    "Orders": [
      {
        "Action": "NewOrderAction",
        "OrderItemType": "Pizza",
        "Quantity": 1,
        "Size": "Medium",
        "Name": "Peperoni",
        "RemovedIngredients": [],
        "AddedIngredients": [
          "extra Soße",
          "Ananas"
        ]
      },
      {
        "Action": "NewOrderAction",
        "OrderItemType": "Pizza",
        "Quantity": 1,
        "Size": "Medium",
        "Name": "Peperoni",
        "RemovedIngredients": [],
        "AddedIngredients": [
          "Basilikum",
          "Oliven"
        ]
      }
    ]
  }
}
