{
  "Request": "I sure am hungry for a pizza with pepperoni and a salad with no croutons.  And I'm thirsty for 3 Pale Ales",
  "Result": {
    "Orders": [
      {
        "Action": "NewOrderAction",
        "OrderItemType": "Pizza",
        "Quantity": 1,
        "Size": "Large",
        "Name": "Pizza",
        "RemovedIngredients": [],
        "AddedIngredients": [
          "Pepperoni"
        ]
      },
      {
        "Action": "NewOrderAction",
        "OrderItemType": "Salad",
        "Quantity": 1,
        "Size": "Large",
        "Name": "Salad",
        "RemovedIngredients": [
          "Croutons"
        ],
        "AddedIngredients": []
      },
      {
        "Action": "NewOrderAction",
        "OrderItemType": "Beer",
        "Quantity": 3,
        "Size": "Large",
        "Name": "Pale Ale",
        "RemovedIngredients": [],
        "AddedIngredients": []
      }
    ]
  }
}
