{
  "Request": "I would like to order one with basil and one with extra sauce.Throw in a salad and an ale.",
  "Result": {
    "Orders": [
      {
        "Action": "NewOrderAction",
        "OrderItemType": "Pizza",
        "Quantity": 1,
        "Size": "Large",
        "Name": "Pizza with Basil",
        "RemovedIngredients": [],
        "AddedIngredients": [
          "Basil"
        ]
      },
      {
        "Action": "NewOrderAction",
        "OrderItemType": "Pizza",
        "Quantity": 1,
        "Size": "Large",
        "Name": "Pizza with Extra Sauce",
        "RemovedIngredients": [],
        "AddedIngredients": [
          "Extra Sauce"
        ]
      },
      {
        "Action": "NewOrderAction",
        "OrderItemType": "Salad",
        "Quantity": 1,
        "Size": "Large",
        "Name": "Salad",
        "RemovedIngredients": [],
        "AddedIngredients": []
      },
      {
        "Action": "NewOrderAction",
        "OrderItemType": "Beer",
        "Quantity": 1,
        "Size": "Large",
        "Name": "Ale",
        "RemovedIngredients": [],
        "AddedIngredients": []
      }
    ]
  }
}
