{
  "Request": "I'll take a medium Pig with no arugula",
  "Result": {
    "Orders": [
      {
        "Action": "NewOrderAction",
        "OrderItemType": "NamedPizza",
        "Quantity": 1,
        "Size": "Medium",
        "Name": "Pig",
        "RemovedIngredients": [
          "arugula"
        ],
        "AddedIngredients": []
      }
    ]
  }
}
