{
  "Request": "Ich nehme zwei große mit Peperoni.  Auf eine davon kommen Oliven.Machen Sie aus der Olive eine kleine.Und gib mir eine ganze griechische Pizza plus ein Pils und ein Weizen.",
  "Result": {
    "Orders": [
      {
        "Action": "NewOrderAction",
        "OrderItemType": "Pizza",
        "Quantity": 2,
        "Size": "Large",
        "Name": "Pepperoni Pizza",
        "RemovedIngredients": [],
        "AddedIngredients": [
          "Pepperoni"
        ]
      },
      {
        "Action": "AddIngredientsAction",
        "OrderItemType": "Pizza",
        "Quantity": 1,
        "Size": "Small",
        "Name": "Olive Pizza",
        "RemovedIngredients": [],
        "AddedIngredients": [
          "Olives"
        ]
      },
      {
        "Action": "NewOrderAction",
        "OrderItemType": "NamedPizza",
        "Quantity": 1,
        "Size": "Whole",
        "Name": "Greek Pizza",
        "RemovedIngredients": [],
        "AddedIngredients": []
      },
      {
        "Action": "NewOrderAction",
        "OrderItemType": "Beer",
        "Quantity": 1,
        "Size": "Whole",
        "Name": "Pils",
        "RemovedIngredients": [],
        "AddedIngredients": []
      },
      {
        "Action": "NewOrderAction",
        "OrderItemType": "Beer",
        "Quantity": 1,
        "Size": "Whole",
        "Name": "Weizen",
        "RemovedIngredients": [],
        "AddedIngredients": []
      }
    ]
  }
}
