{
  "Request": "Ich nehme zwei große mit Peperoni.  Auf eine davon kommen Oliven.Machen Sie aus der Olive eine kleine.Und gib mir eine ganze griechische Pizza plus ein Pils und ein Weizen.",
  "Result": {
    "Orders": [
      {
        "Action": "NewOrderAction",
        "OrderItemType": "Pizza",
        "Quantity": 2,
        "Size": "Large",
        "Name": "Peperoni",
        "RemovedIngredients": [],
        "AddedIngredients": []
      },
      {
        "Action": "AddIngredientsAction",
        "OrderItemType": "Pizza",
        "Quantity": 1,
        "Size": "Small",
        "Name": "Oliven",
        "RemovedIngredients": [],
        "AddedIngredients": []
      },
      {
        "Action": "ChangeQuantityAction",
        "OrderItemType": "NamedPizza",
        "Quantity": 1,
        "Size": "Whole",
        "Name": "griechische Pizza",
        "RemovedIngredients": [],
        "AddedIngredients": []
      },
      {
        "Action": "NewOrderAction",
        "OrderItemType": "Beer",
        "Quantity": 1,
        "Size": "Small",
        "Name": "Pils",
        "RemovedIngredients": [],
        "AddedIngredients": []
      },
      {
        "Action": "NewOrderAction",
        "OrderItemType": "Beer",
        "Quantity": 1,
        "Size": "Small",
        "Name": "Weizen",
        "RemovedIngredients": [],
        "AddedIngredients": []
      }
    ]
  }
}
