{
  "Request": "I want three pizzas, one with mushrooms and the other two with sausage.Make one sausage a small.  And give me a whole Greek and a Pale Ale.  And give me a Mack and Jacks.",
  "Result": {
    "Orders": [
      {
        "Action": "NewOrderAction",
        "OrderItemType": "Pizza",
        "Quantity": 1,
        "Size": "Whole",
        "Name": "Pizza",
        "RemovedIngredients": [],
        "AddedIngredients": [
          "Mushrooms"
        ]
      },
      {
        "Action": "NewOrderAction",
        "OrderItemType": "Pizza",
        "Quantity": 1,
        "Size": "Small",
        "Name": "Pizza",
        "RemovedIngredients": [],
        "AddedIngredients": [
          "Sausage"
        ]
      },
      {
        "Action": "NewOrderAction",
        "OrderItemType": "Pizza",
        "Quantity": 1,
        "Size": "Whole",
        "Name": "Pizza",
        "RemovedIngredients": [],
        "AddedIngredients": [
          "Sausage"
        ]
      },
      {
        "Action": "NewOrderAction",
        "OrderItemType": "Salad",
        "Quantity": 1,
        "Size": "Whole",
        "Name": "Greek",
        "RemovedIngredients": [],
        "AddedIngredients": []
      },
      {
        "Action": "NewOrderAction",
        "OrderItemType": "Beer",
        "Quantity": 1,
        "Size": "Whole",
        "Name": "Pale Ale",
        "RemovedIngredients": [],
        "AddedIngredients": []
      },
      {
        "Action": "NewOrderAction",
        "OrderItemType": "NamedPizza",
        "Quantity": 1,
        "Size": "Whole",
        "Name": "Mack and Jacks",
        "RemovedIngredients": [],
        "AddedIngredients": []
      }
    ]
  }
}
