{
  "Request": "I'd like two large, one with pepperoni and the other with extra sauce.  The pepperoni gets basil and the extra sauce gets Canadian bacon.  And add a whole salad. Make the Canadian bacon a medium. Make the salad a Greek with no red onions.  And give me two Mack and Jacks and a Sierra Nevada.  Oh, and add another salad with no red onions.",
  "Result": {
    "Orders": [
      {
        "Action": "NewOrderAction",
        "OrderItemType": "Pizza",
        "Quantity": 1,
        "Size": "Large",
        "Name": "Pepperoni Pizza",
        "RemovedIngredients": [],
        "AddedIngredients": [
          "Basil"
        ]
      },
      {
        "Action": "NewOrderAction",
        "OrderItemType": "Pizza",
        "Quantity": 1,
        "Size": "Large",
        "Name": "Extra Sauce Pizza",
        "RemovedIngredients": [],
        "AddedIngredients": [
          "Canadian Bacon"
        ]
      },
      {
        "Action": "NewOrderAction",
        "OrderItemType": "Salad",
        "Quantity": 1,
        "Size": "Whole",
        "Name": "Salad",
        "RemovedIngredients": [
          "Red Onions"
        ],
        "AddedIngredients": []
      },
      {
        "Action": "ChangeQuantityAction",
        "OrderItemType": "Pizza",
        "Quantity": 1,
        "Size": "Medium",
        "Name": "Canadian Bacon Pizza",
        "RemovedIngredients": [],
        "AddedIngredients": []
      },
      {
        "Action": "RemoveIngredientsAction",
        "OrderItemType": "Salad",
        "Quantity": 1,
        "Size": "Whole",
        "Name": "Greek Salad",
        "RemovedIngredients": [
          "Red Onions"
        ],
        "AddedIngredients": []
      },
      {
        "Action": "NewOrderAction",
        "OrderItemType": "Beer",
        "Quantity": 2,
        "Size": "Small",
        "Name": "Mack and Jacks",
        "RemovedIngredients": [],
        "AddedIngredients": []
      },
      {
        "Action": "NewOrderAction",
        "OrderItemType": "Beer",
        "Quantity": 1,
        "Size": "Small",
        "Name": "Sierra Nevada",
        "RemovedIngredients": [],
        "AddedIngredients": []
      },
      {
        "Action": "NewOrderAction",
        "OrderItemType": "Salad",
        "Quantity": 1,
        "Size": "Whole",
        "Name": "Salad",
        "RemovedIngredients": [
          "Red Onions"
        ],
        "AddedIngredients": []
      }
    ]
  }
}
