{
  "Request": "Ich möchte drei Pizzen, eine mit Pilzen und die anderen beiden mit Wurst.Mach aus einer Wurst eine kleine.  Und geben Sie mir einen ganzen griechischen Salad und ein Pils.Und geben Sie mir ein Weizen.",
  "Result": {
    "Orders": [
      {
        "Action": "NewOrderAction",
        "OrderItemType": "Pizza",
        "Quantity": 1,
        "Size": "Whole",
        "Name": "Pizza with mushrooms",
        "RemovedIngredients": [],
        "AddedIngredients": [
          "Mushrooms"
        ]
      },
      {
        "Action": "NewOrderAction",
        "OrderItemType": "Pizza",
        "Quantity": 1,
        "Size": "Small",
        "Name": "Pizza with sausage",
        "RemovedIngredients": [],
        "AddedIngredients": [
          "Sausage"
        ]
      },
      {
        "Action": "NewOrderAction",
        "OrderItemType": "Pizza",
        "Quantity": 1,
        "Size": "Whole",
        "Name": "Pizza with sausage",
        "RemovedIngredients": [],
        "AddedIngredients": [
          "Sausage"
        ]
      },
      {
        "Action": "NewOrderAction",
        "OrderItemType": "Salad",
        "Quantity": 1,
        "Size": "Whole",
        "Name": "Greek salad",
        "RemovedIngredients": [],
        "AddedIngredients": []
      },
      {
        "Action": "NewOrderAction",
        "OrderItemType": "Beer",
        "Quantity": 1,
        "Size": "Whole",
        "Name": "Pils",
        "RemovedIngredients": [],
        "AddedIngredients": []
      },
      {
        "Action": "NewOrderAction",
        "OrderItemType": "Beer",
        "Quantity": 1,
        "Size": "Whole",
        "Name": "Weizen",
        "RemovedIngredients": [],
        "AddedIngredients": []
      }
    ]
  }
}
